\BOOKMARK [1][-]{section.1}{\376\377\0001\000\040\000I\000n\000t\000r\000o\000d\000u\000c\000t\000i\000o\000n}{}% 1
\BOOKMARK [2][-]{subsection.1.1}{\376\377\0001\000.\0001\000\040\000T\000h\000e\000\040\000C\000h\000a\000l\000l\000e\000n\000g\000e\000\040\000o\000f\000\040\000R\000e\000p\000r\000o\000d\000u\000c\000i\000b\000i\000l\000i\000t\000y\000\040\000i\000n\000\040\000N\000e\000u\000r\000o\000i\000m\000a\000g\000i\000n\000g}{section.1}% 2
\BOOKMARK [2][-]{subsection.1.2}{\376\377\0001\000.\0002\000\040\000T\000h\000e\000\040\000O\000r\000i\000g\000i\000n\000a\000l\000\040\000S\000t\000u\000d\000y\000\040\000a\000n\000d\000\040\000I\000t\000s\000\040\000S\000c\000i\000e\000n\000t\000i\000f\000i\000c\000\040\000Q\000u\000e\000s\000t\000i\000o\000n}{section.1}% 3
\BOOKMARK [2][-]{subsection.1.3}{\376\377\0001\000.\0003\000\040\000O\000u\000r\000\040\000O\000b\000j\000e\000c\000t\000i\000v\000e\000s}{section.1}% 4
\BOOKMARK [1][-]{section.2}{\376\377\0002\000\040\000O\000r\000i\000g\000i\000n\000a\000l\000\040\000S\000t\000u\000d\000y\000:\000\040\000P\000a\000p\000e\000r\000\040\000S\000u\000m\000m\000a\000r\000y}{}% 5
\BOOKMARK [2][-]{subsection.2.1}{\376\377\0002\000.\0001\000\040\000R\000e\000s\000e\000a\000r\000c\000h\000\040\000Q\000u\000e\000s\000t\000i\000o\000n\000\040\000a\000n\000d\000\040\000M\000o\000t\000i\000v\000a\000t\000i\000o\000n}{section.2}% 6
\BOOKMARK [2][-]{subsection.2.2}{\376\377\0002\000.\0002\000\040\000E\000x\000p\000e\000r\000i\000m\000e\000n\000t\000a\000l\000\040\000D\000e\000s\000i\000g\000n}{section.2}% 7
\BOOKMARK [2][-]{subsection.2.3}{\376\377\0002\000.\0003\000\040\000A\000n\000a\000l\000y\000s\000i\000s\000\040\000M\000e\000t\000h\000o\000d\000s\000\040\000a\000s\000\040\000D\000e\000s\000c\000r\000i\000b\000e\000d\000\040\000i\000n\000\040\000P\000a\000p\000e\000r}{section.2}% 8
\BOOKMARK [2][-]{subsection.2.4}{\376\377\0002\000.\0004\000\040\000R\000e\000s\000u\000l\000t\000s\000\040\000R\000e\000p\000o\000r\000t\000e\000d\000\040\000i\000n\000\040\000t\000h\000e\000\040\000P\000a\000p\000e\000r}{section.2}% 9
\BOOKMARK [3][-]{subsubsection.2.4.1}{\376\377\0002\000.\0004\000.\0001\000\040\000B\000a\000y\000e\000s\000\040\000F\000a\000c\000t\000o\000r\000s\000\040\000R\000e\000p\000o\000r\000t\000e\000d\000\040\000i\000n\000\040\000P\000a\000p\000e\000r\000\040\000\050\000A\000l\000l\000\040\000P\000a\000r\000t\000i\000c\000i\000p\000a\000n\000t\000s\000\051}{subsection.2.4}% 10
\BOOKMARK [3][-]{subsubsection.2.4.2}{\376\377\0002\000.\0004\000.\0002\000\040\000B\000a\000y\000e\000s\000\040\000F\000a\000c\000t\000o\000r\000s\000\040\000f\000o\000r\000\040\000W\000i\000n\000n\000e\000r\000s\000\040\000v\000s\000\040\000L\000o\000s\000e\000r\000s}{subsection.2.4}% 11
\BOOKMARK [2][-]{subsection.2.5}{\376\377\0002\000.\0005\000\040\000M\000a\000i\000n\000\040\000C\000o\000n\000c\000l\000u\000s\000i\000o\000n\000s\000\040\000f\000r\000o\000m\000\040\000t\000h\000e\000\040\000P\000a\000p\000e\000r}{section.2}% 12
\BOOKMARK [2][-]{subsection.2.6}{\376\377\0002\000.\0006\000\040\000B\000e\000h\000a\000v\000i\000o\000r\000a\000l\000\040\000F\000i\000n\000d\000i\000n\000g\000s}{section.2}% 13
\BOOKMARK [1][-]{section.3}{\376\377\0003\000\040\000D\000i\000s\000c\000r\000e\000p\000a\000n\000c\000i\000e\000s\000\040\000B\000e\000t\000w\000e\000e\000n\000\040\000P\000a\000p\000e\000r\000\040\000a\000n\000d\000\040\000C\000o\000d\000e}{}% 14
\BOOKMARK [2][-]{subsection.3.1}{\376\377\0003\000.\0001\000\040\000B\000a\000d\000\040\000C\000h\000a\000n\000n\000e\000l\000\040\000I\000n\000t\000e\000r\000p\000o\000l\000a\000t\000i\000o\000n\000\040\000D\000i\000s\000t\000a\000n\000c\000e}{section.3}% 15
\BOOKMARK [2][-]{subsection.3.2}{\376\377\0003\000.\0002\000\040\000R\000a\000n\000d\000o\000m\000\040\000S\000e\000e\000d\000\040\000f\000o\000r\000\040\000P\000s\000e\000u\000d\000o\000-\000t\000r\000i\000a\000l\000s}{section.3}% 16
\BOOKMARK [2][-]{subsection.3.3}{\376\377\0003\000.\0003\000\040\000B\000a\000y\000e\000s\000\040\000F\000a\000c\000t\000o\000r\000\040\000N\000u\000l\000l\000\040\000I\000n\000t\000e\000r\000v\000a\000l}{section.3}% 17
\BOOKMARK [1][-]{section.4}{\376\377\0004\000\040\000M\000e\000t\000h\000o\000d\000s\000:\000\040\000M\000a\000t\000l\000a\000b\000\040\000t\000o\000\040\000P\000y\000t\000h\000o\000n\000\040\000T\000r\000a\000n\000s\000l\000a\000t\000i\000o\000n}{}% 18
\BOOKMARK [2][-]{subsection.4.1}{\376\377\0004\000.\0001\000\040\000P\000h\000i\000l\000o\000s\000o\000p\000h\000y\000\040\000o\000f\000\040\000T\000r\000a\000n\000s\000l\000a\000t\000i\000o\000n}{section.4}% 19
\BOOKMARK [2][-]{subsection.4.2}{\376\377\0004\000.\0002\000\040\000T\000o\000o\000l\000b\000o\000x\000\040\000M\000a\000p\000p\000i\000n\000g}{section.4}% 20
\BOOKMARK [2][-]{subsection.4.3}{\376\377\0004\000.\0003\000\040\000K\000e\000y\000\040\000A\000l\000g\000o\000r\000i\000t\000h\000m\000\040\000T\000r\000a\000n\000s\000l\000a\000t\000i\000o\000n\000s}{section.4}% 21
\BOOKMARK [3][-]{subsubsection.4.3.1}{\376\377\0004\000.\0003\000.\0001\000\040\000B\000a\000d\000\040\000C\000h\000a\000n\000n\000e\000l\000\040\000I\000n\000t\000e\000r\000p\000o\000l\000a\000t\000i\000o\000n}{subsection.4.3}% 22
\BOOKMARK [3][-]{subsubsection.4.3.2}{\376\377\0004\000.\0003\000.\0002\000\040\000P\000s\000e\000u\000d\000o\000-\000t\000r\000i\000a\000l\000\040\000G\000e\000n\000e\000r\000a\000t\000i\000o\000n}{subsection.4.3}% 23
\BOOKMARK [1][-]{section.5}{\376\377\0005\000\040\000I\000m\000p\000l\000e\000m\000e\000n\000t\000a\000t\000i\000o\000n\000\040\000D\000e\000t\000a\000i\000l\000s\000\040\000a\000n\000d\000\040\000J\000u\000s\000t\000i\000f\000i\000c\000a\000t\000i\000o\000n\000s}{}% 24
\BOOKMARK [2][-]{subsection.5.1}{\376\377\0005\000.\0001\000\040\000P\000r\000e\000p\000r\000o\000c\000e\000s\000s\000i\000n\000g\000\040\000P\000i\000p\000e\000l\000i\000n\000e}{section.5}% 25
\BOOKMARK [3][-]{subsubsection.5.1.1}{\376\377\0005\000.\0001\000.\0001\000\040\000C\000h\000a\000n\000n\000e\000l\000\040\000N\000a\000m\000i\000n\000g}{subsection.5.1}% 26
\BOOKMARK [3][-]{subsubsection.5.1.2}{\376\377\0005\000.\0001\000.\0002\000\040\000E\000p\000o\000c\000h\000i\000n\000g\000\040\000a\000n\000d\000\040\000B\000a\000s\000e\000l\000i\000n\000e}{subsection.5.1}% 27
\BOOKMARK [2][-]{subsection.5.2}{\376\377\0005\000.\0002\000\040\000D\000e\000c\000o\000d\000i\000n\000g\000\040\000P\000i\000p\000e\000l\000i\000n\000e}{section.5}% 28
\BOOKMARK [3][-]{subsubsection.5.2.1}{\376\377\0005\000.\0002\000.\0001\000\040\000T\000i\000m\000e\000\040\000B\000i\000n\000n\000i\000n\000g}{subsection.5.2}% 29
\BOOKMARK [3][-]{subsubsection.5.2.2}{\376\377\0005\000.\0002\000.\0002\000\040\000C\000l\000a\000s\000s\000i\000f\000i\000e\000r\000\040\000C\000o\000n\000f\000i\000g\000u\000r\000a\000t\000i\000o\000n}{subsection.5.2}% 30
\BOOKMARK [3][-]{subsubsection.5.2.3}{\376\377\0005\000.\0002\000.\0003\000\040\000C\000r\000o\000s\000s\000-\000V\000a\000l\000i\000d\000a\000t\000i\000o\000n\000\040\000S\000t\000r\000a\000t\000e\000g\000y}{subsection.5.2}% 31
\BOOKMARK [2][-]{subsection.5.3}{\376\377\0005\000.\0003\000\040\000B\000a\000y\000e\000s\000\040\000F\000a\000c\000t\000o\000r\000\040\000C\000o\000m\000p\000u\000t\000a\000t\000i\000o\000n}{section.5}% 32
\BOOKMARK [1][-]{section.6}{\376\377\0006\000\040\000R\000e\000s\000u\000l\000t\000s\000:\000\040\000D\000i\000r\000e\000c\000t\000\040\000C\000o\000m\000p\000a\000r\000i\000s\000o\000n\000\040\000w\000i\000t\000h\000\040\000O\000r\000i\000g\000i\000n\000a\000l}{}% 33
\BOOKMARK [2][-]{subsection.6.1}{\376\377\0006\000.\0001\000\040\000F\000i\000g\000u\000r\000e\000\040\0001\000:\000\040\000B\000e\000h\000a\000v\000i\000o\000r\000a\000l\000\040\000R\000e\000s\000u\000l\000t\000s}{section.6}% 34
\BOOKMARK [3][-]{subsubsection.6.1.1}{\376\377\0006\000.\0001\000.\0001\000\040\000O\000r\000i\000g\000i\000n\000a\000l\000\040\000F\000i\000g\000u\000r\000e\000\040\000\050\000f\000r\000o\000m\000\040\000p\000a\000p\000e\000r\000\051}{subsection.6.1}% 35
\BOOKMARK [3][-]{subsubsection.6.1.2}{\376\377\0006\000.\0001\000.\0002\000\040\000O\000u\000r\000\040\000R\000e\000p\000r\000o\000d\000u\000c\000t\000i\000o\000n}{subsection.6.1}% 36
\BOOKMARK [3][-]{subsubsection.6.1.3}{\376\377\0006\000.\0001\000.\0003\000\040\000D\000e\000t\000a\000i\000l\000e\000d\000\040\000C\000o\000m\000p\000a\000r\000i\000s\000o\000n}{subsection.6.1}% 37
\BOOKMARK [2][-]{subsection.6.2}{\376\377\0006\000.\0002\000\040\000F\000i\000g\000u\000r\000e\000\040\0002\000:\000\040\000O\000v\000e\000r\000a\000l\000l\000\040\000D\000e\000c\000o\000d\000i\000n\000g\000\040\000R\000e\000s\000u\000l\000t\000s}{section.6}% 38
\BOOKMARK [3][-]{subsubsection.6.2.1}{\376\377\0006\000.\0002\000.\0001\000\040\000O\000r\000i\000g\000i\000n\000a\000l\000\040\000F\000i\000g\000u\000r\000e\000\040\000\050\000f\000r\000o\000m\000\040\000p\000a\000p\000e\000r\000\051}{subsection.6.2}% 39
\BOOKMARK [3][-]{subsubsection.6.2.2}{\376\377\0006\000.\0002\000.\0002\000\040\000O\000u\000r\000\040\000R\000e\000p\000r\000o\000d\000u\000c\000t\000i\000o\000n\000\040\000\050\000L\000D\000A\000\051}{subsection.6.2}% 40
\BOOKMARK [3][-]{subsubsection.6.2.3}{\376\377\0006\000.\0002\000.\0003\000\040\000Q\000u\000a\000n\000t\000i\000t\000a\000t\000i\000v\000e\000\040\000C\000o\000m\000p\000a\000r\000i\000s\000o\000n}{subsection.6.2}% 41
\BOOKMARK [2][-]{subsection.6.3}{\376\377\0006\000.\0003\000\040\000F\000i\000g\000u\000r\000e\000\040\0003\000:\000\040\000W\000i\000n\000n\000e\000r\000s\000\040\000v\000s\000\040\000L\000o\000s\000e\000r\000s}{section.6}% 42
\BOOKMARK [3][-]{subsubsection.6.3.1}{\376\377\0006\000.\0003\000.\0001\000\040\000O\000r\000i\000g\000i\000n\000a\000l\000\040\000F\000i\000g\000u\000r\000e\000\040\000\050\000f\000r\000o\000m\000\040\000p\000a\000p\000e\000r\000\051}{subsection.6.3}% 43
\BOOKMARK [3][-]{subsubsection.6.3.2}{\376\377\0006\000.\0003\000.\0002\000\040\000O\000u\000r\000\040\000R\000e\000p\000r\000o\000d\000u\000c\000t\000i\000o\000n\000\040\000\050\000L\000D\000A\000\051}{subsection.6.3}% 44
\BOOKMARK [3][-]{subsubsection.6.3.3}{\376\377\0006\000.\0003\000.\0003\000\040\000T\000h\000e\000\040\000C\000r\000i\000t\000i\000c\000a\000l\000\040\000F\000i\000n\000d\000i\000n\000g}{subsection.6.3}% 45
\BOOKMARK [2][-]{subsection.6.4}{\376\377\0006\000.\0004\000\040\000M\000u\000l\000t\000i\000-\000C\000l\000a\000s\000s\000i\000f\000i\000e\000r\000\040\000R\000o\000b\000u\000s\000t\000n\000e\000s\000s}{section.6}% 46
\BOOKMARK [1][-]{section.7}{\376\377\0007\000\040\000D\000i\000s\000c\000u\000s\000s\000i\000o\000n}{}% 47
\BOOKMARK [2][-]{subsection.7.1}{\376\377\0007\000.\0001\000\040\000L\000i\000m\000i\000t\000a\000t\000i\000o\000n\000s\000\040\000o\000f\000\040\000t\000h\000e\000\040\000O\000r\000i\000g\000i\000n\000a\000l\000\040\000S\000t\000u\000d\000y}{section.7}% 48
\BOOKMARK [2][-]{subsection.7.2}{\376\377\0007\000.\0002\000\040\000R\000e\000p\000r\000o\000d\000u\000c\000t\000i\000o\000n\000\040\000C\000h\000a\000l\000l\000e\000n\000g\000e\000s}{section.7}% 49
\BOOKMARK [1][-]{section.8}{\376\377\0008\000\040\000C\000o\000n\000c\000l\000u\000s\000i\000o\000n}{}% 50
\BOOKMARK [2][-]{subsection.8.1}{\376\377\0008\000.\0001\000\040\000K\000e\000y\000\040\000F\000i\000n\000d\000i\000n\000g\000s\000\040\000C\000o\000n\000f\000i\000r\000m\000e\000d}{section.8}% 51
\BOOKMARK [2][-]{subsection.8.2}{\376\377\0008\000.\0002\000\040\000P\000a\000p\000e\000r\000'\000s\000\040\000C\000e\000n\000t\000r\000a\000l\000\040\000C\000l\000a\000i\000m\000\040\000V\000a\000l\000i\000d\000a\000t\000e\000d}{section.8}% 52
\BOOKMARK [1][-]{section.9}{\376\377\0009\000\040\000R\000e\000f\000e\000r\000e\000n\000c\000e\000s}{}% 53
